GOOGLE_API_KEY snippet: AIzaSyDvcG...
--- Testing Yahoo Finance ---
[OK] Success: Downloaded 396 rows.

--- Testing AI Diagnostics ---
[FAIL] AI Diagnostic throw an exception: 'charmap' codec can't encode characters in position 13-14: character maps to <undefined>
